---
created: "2019-02-10T11:45:48.623507Z"
creator: insta@0.6.2
source: src/parser.rs
expression: file
---
File {
    module_info: ModuleInfo {
        name: "Sample.Test",
        attrs: [
            Attribute {
                name: "output",
                value: "/sample/test/somefile.txt"
            }
        ]
    },
    messages: [
        Message {
            name: "EnumSample",
            attrs: [],
            value: Enum(
                EnumMessage {
                    variants: [
                        EnumVariant {
                            name: "One",
                            attrs: [
                                Attribute {
                                    name: "thing.stuff",
                                    value: "xyz"
                                },
                                Attribute {
                                    name: "json.tag",
                                    value: "A"
                                }
                            ],
                            content: None
                        },
                        EnumVariant {
                            name: "Two",
                            attrs: [
                                Attribute {
                                    name: "blah",
                                    value: "X"
                                }
                            ],
                            content: Some(
                                Tuple(
                                    [
                                        "StructSample",
                                        "Boolean"
                                    ]
                                )
                            )
                        },
                        EnumVariant {
                            name: "Three",
                            attrs: [],
                            content: None
                        }
                    ]
                }
            )
        },
        Message {
            name: "StructSample",
            attrs: [
                Attribute {
                    name: "http.method",
                    value: "GET"
                }
            ],
            value: Struct(
                StructMessage {
                    fields: [
                        StructField {
                            name: "repeated_field",
                            type_name: Generic(
                                "Thing",
                                Generic(
                                    "Array",
                                    Concrete(
                                        "Type"
                                    )
                                )
                            ),
                            is_optional: false,
                            attrs: [
                                Attribute {
                                    name: "json.key",
                                    value: "X"
                                }
                            ]
                        },
                        StructField {
                            name: "optional_field",
                            type_name: Concrete(
                                "type"
                            ),
                            is_optional: true,
                            attrs: [
                                Attribute {
                                    name: "json.key",
                                    value: "Y"
                                }
                            ]
                        }
                    ]
                }
            )
        }
    ]
}
