---
created: "2019-02-10T10:39:27.858461Z"
creator: insta@0.6.2
source: src/main.rs
expression: file
---
File {
    module_info: ModuleInfo {
        name: "Sample.Test",
        attrs: [
            Attribute {
                name: "output",
                value: "/sample/test/somefile.txt"
            }
        ]
    },
    messages: [
        Message {
            name: "EnumSample",
            value: Enum(
                EnumMessage {
                    variants: [
                        EnumVariant {
                            name: "One",
                            attrs: [
                                Attribute {
                                    name: "thing.stuff",
                                    value: "xyz"
                                },
                                Attribute {
                                    name: "json.tag",
                                    value: "A"
                                }
                            ]
                        },
                        EnumVariant {
                            name: "Two",
                            attrs: [
                                Attribute {
                                    name: "blah",
                                    value: "X"
                                }
                            ]
                        },
                        EnumVariant {
                            name: "Three",
                            attrs: []
                        }
                    ]
                }
            )
        }
    ]
}
