---
created: "2019-02-10T11:07:58.793784Z"
creator: insta@0.6.2
source: src/main.rs
expression: file
---
File {
    module_info: ModuleInfo {
        name: "Sample.Test",
        attrs: [
            Attribute {
                name: "output",
                value: "/sample/test/somefile.txt"
            }
        ]
    },
    messages: [
        Message {
            name: "EnumSample",
            attrs: [],
            value: Enum(
                EnumMessage {
                    variants: [
                        EnumVariant {
                            name: "One",
                            attrs: [
                                Attribute {
                                    name: "thing.stuff",
                                    value: "xyz"
                                },
                                Attribute {
                                    name: "json.tag",
                                    value: "A"
                                }
                            ]
                        },
                        EnumVariant {
                            name: "Two",
                            attrs: [
                                Attribute {
                                    name: "blah",
                                    value: "X"
                                }
                            ]
                        },
                        EnumVariant {
                            name: "Three",
                            attrs: []
                        }
                    ]
                }
            )
        },
        Message {
            name: "StructSample",
            attrs: [
                Attribute {
                    name: "http.method",
                    value: "GET"
                }
            ],
            value: Struct(
                StructMessage {
                    fields: [
                        StructField {
                            name: "field",
                            type_name: "type",
                            is_optional: false,
                            attrs: [
                                Attribute {
                                    name: "json.key",
                                    value: "X"
                                }
                            ]
                        },
                        StructField {
                            name: "optional_field",
                            type_name: "type",
                            is_optional: true,
                            attrs: [
                                Attribute {
                                    name: "json.key",
                                    value: "Y"
                                }
                            ]
                        }
                    ]
                }
            )
        }
    ]
}
